[ { "kind": "class", "scope": "global" },
  { "kind": "constructor" },
  { "kind": "mixin", "scope": "global" },
  { "kind": "member", "scope": "global" },
  { "kind": "member", "scope": "instance" },
  { "kind": "member", "scope": "instance" },
  { "kind": "member", "scope": "static" },
  { "kind": "constant", "scope": "inner" },
  { "kind": "constant", "scope": "inner" },
  { "kind": "constant", "scope": "inner" },
  { "kind": "function", "scope": "instance" },
  { "kind": "function", "scope": "instance" },
  { "kind": "function", "scope": "instance" },
  { "kind": "function", "scope": "static" } ]
